// Jest Snapshot v1, https://goo.gl/fbAQLP

exports[`ProfileForm Component takes a snapshot of ProfileForm Component 1`] = `
<section
  className="ProfileForm"
>
  <div>
    <h2>
      Edit your Profile
    </h2>
  </div>
  <form
    className="profileForm__form"
    onSubmit={[Function]}
  >
    <label
      htmlFor="location"
    >
      <h4>
        Where are you located?:
      </h4>
    </label>
    <input
      defaultValue="USA"
      id="location"
      name="locationArea"
      onChange={[Function]}
      type="text"
    />
    <section>
      <h4>
        Select your icon:
      </h4>
      <div
        className="IconSelect"
      >
        <button
          className="IconSelect__button"
          id="theater-masks"
          onClick={[Function]}
          type="button"
        >
          <svg
            aria-hidden="true"
            className="svg-inline--fa fa-theater-masks fa-w-20 "
            data-icon="theater-masks"
            data-prefix="fas"
            focusable="false"
            role="img"
            style={Object {}}
            viewBox="0 0 640 512"
            xmlns="http://www.w3.org/2000/svg"
          >
            <path
              d="M206.86 245.15c-35.88 10.45-59.95 41.2-57.53 74.1 11.4-12.72 28.81-23.7 49.9-30.92l7.63-43.18zM95.81 295L64.08 115.49c-.29-1.62.28-2.62.24-2.65 57.76-32.06 123.12-49.01 189.01-49.01 1.61 0 3.23.17 4.85.19 13.95-13.47 31.73-22.83 51.59-26 18.89-3.02 38.05-4.55 57.18-5.32-9.99-13.95-24.48-24.23-41.77-27C301.27 1.89 277.24 0 253.32 0 176.66 0 101.02 19.42 33.2 57.06 9.03 70.48-3.92 98.48 1.05 126.58l31.73 179.51c14.23 80.52 136.33 142.08 204.45 142.08 3.59 0 6.75-.46 10.01-.8-13.52-17.08-28.94-40.48-39.5-67.58-47.61-12.98-106.06-51.62-111.93-84.79zm97.55-137.46c-.73-4.12-2.23-7.87-4.07-11.4-8.25 8.91-20.67 15.75-35.32 18.32-14.65 2.58-28.67.4-39.48-5.17-.52 3.94-.64 7.98.09 12.1 3.84 21.7 24.58 36.19 46.34 32.37 21.75-3.82 36.28-24.52 32.44-46.22zM606.8 120.9c-88.98-49.38-191.43-67.41-291.98-51.35-27.31 4.36-49.08 26.26-54.04 54.36l-31.73 179.51c-15.39 87.05 95.28 196.27 158.31 207.35 63.03 11.09 204.47-53.79 219.86-140.84l31.73-179.51c4.97-28.11-7.98-56.11-32.15-69.52zm-273.24 96.8c3.84-21.7 24.58-36.19 46.34-32.36 21.76 3.83 36.28 24.52 32.45 46.22-.73 4.12-2.23 7.87-4.07 11.4-8.25-8.91-20.67-15.75-35.32-18.32-14.65-2.58-28.67-.4-39.48 5.17-.53-3.95-.65-7.99.08-12.11zm70.47 198.76c-55.68-9.79-93.52-59.27-89.04-112.9 20.6 25.54 56.21 46.17 99.49 53.78 43.28 7.61 83.82.37 111.93-16.6-14.18 51.94-66.71 85.51-122.38 75.72zm130.3-151.34c-8.25-8.91-20.68-15.75-35.33-18.32-14.65-2.58-28.67-.4-39.48 5.17-.52-3.94-.64-7.98.09-12.1 3.84-21.7 24.58-36.19 46.34-32.37 21.75 3.83 36.28 24.52 32.45 46.22-.73 4.13-2.23 7.88-4.07 11.4z"
              fill="currentColor"
              style={Object {}}
            />
          </svg>
        </button>
        <button
          className="IconSelect__button"
          id="university"
          onClick={[Function]}
          type="button"
        >
          <svg
            aria-hidden="true"
            className="svg-inline--fa fa-university fa-w-16 "
            data-icon="university"
            data-prefix="fas"
            focusable="false"
            role="img"
            style={Object {}}
            viewBox="0 0 512 512"
            xmlns="http://www.w3.org/2000/svg"
          >
            <path
              d="M496 128v16a8 8 0 0 1-8 8h-24v12c0 6.627-5.373 12-12 12H60c-6.627 0-12-5.373-12-12v-12H24a8 8 0 0 1-8-8v-16a8 8 0 0 1 4.941-7.392l232-88a7.996 7.996 0 0 1 6.118 0l232 88A8 8 0 0 1 496 128zm-24 304H40c-13.255 0-24 10.745-24 24v16a8 8 0 0 0 8 8h464a8 8 0 0 0 8-8v-16c0-13.255-10.745-24-24-24zM96 192v192H60c-6.627 0-12 5.373-12 12v20h416v-20c0-6.627-5.373-12-12-12h-36V192h-64v192h-64V192h-64v192h-64V192H96z"
              fill="currentColor"
              style={Object {}}
            />
          </svg>
        </button>
        <button
          className="IconSelect__button"
          id="snowboarding"
          onClick={[Function]}
          type="button"
        >
          <svg
            aria-hidden="true"
            className="svg-inline--fa fa-snowboarding fa-w-16 "
            data-icon="snowboarding"
            data-prefix="fas"
            focusable="false"
            role="img"
            style={Object {}}
            viewBox="0 0 512 512"
            xmlns="http://www.w3.org/2000/svg"
          >
            <path
              d="M432 96c26.5 0 48-21.5 48-48S458.5 0 432 0s-48 21.5-48 48 21.5 48 48 48zm28.8 153.6c5.8 4.3 12.5 6.4 19.2 6.4 9.7 0 19.3-4.4 25.6-12.8 10.6-14.1 7.8-34.2-6.4-44.8l-111.4-83.5c-13.8-10.3-29.1-18.4-45.4-23.8l-63.7-21.2-26.1-52.1C244.7 2 225.5-4.4 209.7 3.5c-15.8 7.9-22.2 27.1-14.3 42.9l29.1 58.1c5.7 11.4 15.6 19.9 27.7 24l16.4 5.5-41.2 20.6c-21.8 10.9-35.4 32.8-35.4 57.2v53.1l-74.1 24.7c-16.8 5.6-25.8 23.7-20.2 40.5 1.7 5.2 4.9 9.4 8.7 12.9l-38.7-14.1c-9.7-3.5-17.4-10.6-21.8-20-5.6-12-19.9-17.2-31.9-11.6s-17.2 19.9-11.6 31.9c9.8 21 27.1 36.9 48.9 44.8l364.8 132.7c9.7 3.5 19.7 5.3 29.7 5.3 12.5 0 24.9-2.7 36.5-8.2 12-5.6 17.2-19.9 11.6-31.9S474 454.7 462 460.3c-9.3 4.4-19.8 4.8-29.5 1.3l-90.8-33.1c8.7-4.1 15.6-11.8 17.8-21.9l21.9-102c3.9-18.2-3.2-37.2-18.1-48.4l-52-39 66-30.5 83.5 62.9zm-144.4 51.7l-19.7 92c-1.5 7.1-.1 13.9 2.8 20l-169.4-61.6c2.7-.2 5.4-.4 8-1.3l85-28.4c19.6-6.5 32.8-24.8 32.8-45.5V256l60.5 45.3z"
              fill="currentColor"
              style={Object {}}
            />
          </svg>
        </button>
        <button
          className="IconSelect__button"
          id="paw"
          onClick={[Function]}
          type="button"
        >
          <svg
            aria-hidden="true"
            className="svg-inline--fa fa-paw fa-w-16 "
            data-icon="paw"
            data-prefix="fas"
            focusable="false"
            role="img"
            style={Object {}}
            viewBox="0 0 512 512"
            xmlns="http://www.w3.org/2000/svg"
          >
            <path
              d="M256 224c-79.41 0-192 122.76-192 200.25 0 34.9 26.81 55.75 71.74 55.75 48.84 0 81.09-25.08 120.26-25.08 39.51 0 71.85 25.08 120.26 25.08 44.93 0 71.74-20.85 71.74-55.75C448 346.76 335.41 224 256 224zm-147.28-12.61c-10.4-34.65-42.44-57.09-71.56-50.13-29.12 6.96-44.29 40.69-33.89 75.34 10.4 34.65 42.44 57.09 71.56 50.13 29.12-6.96 44.29-40.69 33.89-75.34zm84.72-20.78c30.94-8.14 46.42-49.94 34.58-93.36s-46.52-72.01-77.46-63.87-46.42 49.94-34.58 93.36c11.84 43.42 46.53 72.02 77.46 63.87zm281.39-29.34c-29.12-6.96-61.15 15.48-71.56 50.13-10.4 34.65 4.77 68.38 33.89 75.34 29.12 6.96 61.15-15.48 71.56-50.13 10.4-34.65-4.77-68.38-33.89-75.34zm-156.27 29.34c30.94 8.14 65.62-20.45 77.46-63.87 11.84-43.42-3.64-85.21-34.58-93.36s-65.62 20.45-77.46 63.87c-11.84 43.42 3.64 85.22 34.58 93.36z"
              fill="currentColor"
              style={Object {}}
            />
          </svg>
        </button>
        <button
          className="IconSelect__button"
          id="palette"
          onClick={[Function]}
          type="button"
        >
          <svg
            aria-hidden="true"
            className="svg-inline--fa fa-palette fa-w-16 "
            data-icon="palette"
            data-prefix="fas"
            focusable="false"
            role="img"
            style={Object {}}
            viewBox="0 0 512 512"
            xmlns="http://www.w3.org/2000/svg"
          >
            <path
              d="M204.3 5C104.9 24.4 24.8 104.3 5.2 203.4c-37 187 131.7 326.4 258.8 306.7 41.2-6.4 61.4-54.6 42.5-91.7-23.1-45.4 9.9-98.4 60.9-98.4h79.7c35.8 0 64.8-29.6 64.9-65.3C511.5 97.1 368.1-26.9 204.3 5zM96 320c-17.7 0-32-14.3-32-32s14.3-32 32-32 32 14.3 32 32-14.3 32-32 32zm32-128c-17.7 0-32-14.3-32-32s14.3-32 32-32 32 14.3 32 32-14.3 32-32 32zm128-64c-17.7 0-32-14.3-32-32s14.3-32 32-32 32 14.3 32 32-14.3 32-32 32zm128 64c-17.7 0-32-14.3-32-32s14.3-32 32-32 32 14.3 32 32-14.3 32-32 32z"
              fill="currentColor"
              style={Object {}}
            />
          </svg>
        </button>
        <button
          className="IconSelect__button"
          id="mountain"
          onClick={[Function]}
          type="button"
        >
          <svg
            aria-hidden="true"
            className="svg-inline--fa fa-mountain fa-w-20 "
            data-icon="mountain"
            data-prefix="fas"
            focusable="false"
            role="img"
            style={Object {}}
            viewBox="0 0 640 512"
            xmlns="http://www.w3.org/2000/svg"
          >
            <path
              d="M634.92 462.7l-288-448C341.03 5.54 330.89 0 320 0s-21.03 5.54-26.92 14.7l-288 448a32.001 32.001 0 0 0-1.17 32.64A32.004 32.004 0 0 0 32 512h576c11.71 0 22.48-6.39 28.09-16.67a31.983 31.983 0 0 0-1.17-32.63zM320 91.18L405.39 224H320l-64 64-38.06-38.06L320 91.18z"
              fill="currentColor"
              style={Object {}}
            />
          </svg>
        </button>
        <button
          className="IconSelect__button"
          id="music"
          onClick={[Function]}
          type="button"
        >
          <svg
            aria-hidden="true"
            className="svg-inline--fa fa-music fa-w-16 "
            data-icon="music"
            data-prefix="fas"
            focusable="false"
            role="img"
            style={Object {}}
            viewBox="0 0 512 512"
            xmlns="http://www.w3.org/2000/svg"
          >
            <path
              d="M470.38 1.51L150.41 96A32 32 0 0 0 128 126.51v261.41A139 139 0 0 0 96 384c-53 0-96 28.66-96 64s43 64 96 64 96-28.66 96-64V214.32l256-75v184.61a138.4 138.4 0 0 0-32-3.93c-53 0-96 28.66-96 64s43 64 96 64 96-28.65 96-64V32a32 32 0 0 0-41.62-30.49z"
              fill="currentColor"
              style={Object {}}
            />
          </svg>
        </button>
        <button
          className="IconSelect__button"
          id="motorcycle"
          onClick={[Function]}
          type="button"
        >
          <svg
            aria-hidden="true"
            className="svg-inline--fa fa-motorcycle fa-w-20 "
            data-icon="motorcycle"
            data-prefix="fas"
            focusable="false"
            role="img"
            style={Object {}}
            viewBox="0 0 640 512"
            xmlns="http://www.w3.org/2000/svg"
          >
            <path
              d="M512.9 192c-14.9-.1-29.1 2.3-42.4 6.9L437.6 144H520c13.3 0 24-10.7 24-24V88c0-13.3-10.7-24-24-24h-45.3c-6.8 0-13.3 2.9-17.8 7.9l-37.5 41.7-22.8-38C392.2 68.4 384.4 64 376 64h-80c-8.8 0-16 7.2-16 16v16c0 8.8 7.2 16 16 16h66.4l19.2 32H227.9c-17.7-23.1-44.9-40-99.9-40H72.5C59 104 47.7 115 48 128.5c.2 13 10.9 23.5 24 23.5h56c24.5 0 38.7 10.9 47.8 24.8l-11.3 20.5c-13-3.9-26.9-5.7-41.3-5.2C55.9 194.5 1.6 249.6 0 317c-1.6 72.1 56.3 131 128 131 59.6 0 109.7-40.8 124-96h84.2c13.7 0 24.6-11.4 24-25.1-2.1-47.1 17.5-93.7 56.2-125l12.5 20.8c-27.6 23.7-45.1 58.9-44.8 98.2.5 69.6 57.2 126.5 126.8 127.1 71.6.7 129.8-57.5 129.2-129.1-.7-69.6-57.6-126.4-127.2-126.9zM128 400c-44.1 0-80-35.9-80-80s35.9-80 80-80c4.2 0 8.4.3 12.5 1L99 316.4c-8.8 16 2.8 35.6 21 35.6h81.3c-12.4 28.2-40.6 48-73.3 48zm463.9-75.6c-2.2 40.6-35 73.4-75.5 75.5-46.1 2.5-84.4-34.3-84.4-79.9 0-21.4 8.4-40.8 22.1-55.1l49.4 82.4c4.5 7.6 14.4 10 22 5.5l13.7-8.2c7.6-4.5 10-14.4 5.5-22l-48.6-80.9c5.2-1.1 10.5-1.6 15.9-1.6 45.6-.1 82.3 38.2 79.9 84.3z"
              fill="currentColor"
              style={Object {}}
            />
          </svg>
        </button>
        <button
          className="IconSelect__button"
          id="laptop-code"
          onClick={[Function]}
          type="button"
        >
          <svg
            aria-hidden="true"
            className="svg-inline--fa fa-laptop-code fa-w-20 "
            data-icon="laptop-code"
            data-prefix="fas"
            focusable="false"
            role="img"
            style={Object {}}
            viewBox="0 0 640 512"
            xmlns="http://www.w3.org/2000/svg"
          >
            <path
              d="M255.03 261.65c6.25 6.25 16.38 6.25 22.63 0l11.31-11.31c6.25-6.25 6.25-16.38 0-22.63L253.25 192l35.71-35.72c6.25-6.25 6.25-16.38 0-22.63l-11.31-11.31c-6.25-6.25-16.38-6.25-22.63 0l-58.34 58.34c-6.25 6.25-6.25 16.38 0 22.63l58.35 58.34zm96.01-11.3l11.31 11.31c6.25 6.25 16.38 6.25 22.63 0l58.34-58.34c6.25-6.25 6.25-16.38 0-22.63l-58.34-58.34c-6.25-6.25-16.38-6.25-22.63 0l-11.31 11.31c-6.25 6.25-6.25 16.38 0 22.63L386.75 192l-35.71 35.72c-6.25 6.25-6.25 16.38 0 22.63zM624 416H381.54c-.74 19.81-14.71 32-32.74 32H288c-18.69 0-33.02-17.47-32.77-32H16c-8.8 0-16 7.2-16 16v16c0 35.2 28.8 64 64 64h512c35.2 0 64-28.8 64-64v-16c0-8.8-7.2-16-16-16zM576 48c0-26.4-21.6-48-48-48H112C85.6 0 64 21.6 64 48v336h512V48zm-64 272H128V64h384v256z"
              fill="currentColor"
              style={Object {}}
            />
          </svg>
        </button>
        <button
          className="IconSelect__button"
          id="gamepad"
          onClick={[Function]}
          type="button"
        >
          <svg
            aria-hidden="true"
            className="svg-inline--fa fa-gamepad fa-w-20 "
            data-icon="gamepad"
            data-prefix="fas"
            focusable="false"
            role="img"
            style={Object {}}
            viewBox="0 0 640 512"
            xmlns="http://www.w3.org/2000/svg"
          >
            <path
              d="M480.07 96H160a160 160 0 1 0 114.24 272h91.52A160 160 0 1 0 480.07 96zM248 268a12 12 0 0 1-12 12h-52v52a12 12 0 0 1-12 12h-24a12 12 0 0 1-12-12v-52H84a12 12 0 0 1-12-12v-24a12 12 0 0 1 12-12h52v-52a12 12 0 0 1 12-12h24a12 12 0 0 1 12 12v52h52a12 12 0 0 1 12 12zm216 76a40 40 0 1 1 40-40 40 40 0 0 1-40 40zm64-96a40 40 0 1 1 40-40 40 40 0 0 1-40 40z"
              fill="currentColor"
              style={Object {}}
            />
          </svg>
        </button>
        <button
          className="IconSelect__button"
          id="futbol"
          onClick={[Function]}
          type="button"
        >
          <svg
            aria-hidden="true"
            className="svg-inline--fa fa-futbol fa-w-16 "
            data-icon="futbol"
            data-prefix="fas"
            focusable="false"
            role="img"
            style={Object {}}
            viewBox="0 0 512 512"
            xmlns="http://www.w3.org/2000/svg"
          >
            <path
              d="M504 256c0 136.967-111.033 248-248 248S8 392.967 8 256 119.033 8 256 8s248 111.033 248 248zm-48 0l-.003-.282-26.064 22.741-62.679-58.5 16.454-84.355 34.303 3.072c-24.889-34.216-60.004-60.089-100.709-73.141l13.651 31.939L256 139l-74.953-41.525 13.651-31.939c-40.631 13.028-75.78 38.87-100.709 73.141l34.565-3.073 16.192 84.355-62.678 58.5-26.064-22.741-.003.282c0 43.015 13.497 83.952 38.472 117.991l7.704-33.897 85.138 10.447 36.301 77.826-29.902 17.786c40.202 13.122 84.29 13.148 124.572 0l-29.902-17.786 36.301-77.826 85.138-10.447 7.704 33.897C442.503 339.952 456 299.015 456 256zm-248.102 69.571l-29.894-91.312L256 177.732l77.996 56.527-29.622 91.312h-96.476z"
              fill="currentColor"
              style={Object {}}
            />
          </svg>
        </button>
        <button
          className="IconSelect__button"
          id="dumbbell"
          onClick={[Function]}
          type="button"
        >
          <svg
            aria-hidden="true"
            className="svg-inline--fa fa-dumbbell fa-w-20 "
            data-icon="dumbbell"
            data-prefix="fas"
            focusable="false"
            role="img"
            style={Object {}}
            viewBox="0 0 640 512"
            xmlns="http://www.w3.org/2000/svg"
          >
            <path
              d="M104 96H56c-13.3 0-24 10.7-24 24v104H8c-4.4 0-8 3.6-8 8v48c0 4.4 3.6 8 8 8h24v104c0 13.3 10.7 24 24 24h48c13.3 0 24-10.7 24-24V120c0-13.3-10.7-24-24-24zm528 128h-24V120c0-13.3-10.7-24-24-24h-48c-13.3 0-24 10.7-24 24v272c0 13.3 10.7 24 24 24h48c13.3 0 24-10.7 24-24V288h24c4.4 0 8-3.6 8-8v-48c0-4.4-3.6-8-8-8zM456 32h-48c-13.3 0-24 10.7-24 24v168H256V56c0-13.3-10.7-24-24-24h-48c-13.3 0-24 10.7-24 24v400c0 13.3 10.7 24 24 24h48c13.3 0 24-10.7 24-24V288h128v168c0 13.3 10.7 24 24 24h48c13.3 0 24-10.7 24-24V56c0-13.3-10.7-24-24-24z"
              fill="currentColor"
              style={Object {}}
            />
          </svg>
        </button>
        <button
          className="IconSelect__button"
          id="dog"
          onClick={[Function]}
          type="button"
        >
          <svg
            aria-hidden="true"
            className="svg-inline--fa fa-dog fa-w-18 "
            data-icon="dog"
            data-prefix="fas"
            focusable="false"
            role="img"
            style={Object {}}
            viewBox="0 0 576 512"
            xmlns="http://www.w3.org/2000/svg"
          >
            <path
              d="M298.06,224,448,277.55V496a16,16,0,0,1-16,16H368a16,16,0,0,1-16-16V384H192V496a16,16,0,0,1-16,16H112a16,16,0,0,1-16-16V282.09C58.84,268.84,32,233.66,32,192a32,32,0,0,1,64,0,32.06,32.06,0,0,0,32,32ZM544,112v32a64,64,0,0,1-64,64H448v35.58L320,197.87V48c0-14.25,17.22-21.39,27.31-11.31L374.59,64h53.63c10.91,0,23.75,7.92,28.62,17.69L464,96h64A16,16,0,0,1,544,112Zm-112,0a16,16,0,1,0-16,16A16,16,0,0,0,432,112Z"
              fill="currentColor"
              style={Object {}}
            />
          </svg>
        </button>
        <button
          className="IconSelect__button"
          id="chess"
          onClick={[Function]}
          type="button"
        >
          <svg
            aria-hidden="true"
            className="svg-inline--fa fa-chess fa-w-16 "
            data-icon="chess"
            data-prefix="fas"
            focusable="false"
            role="img"
            style={Object {}}
            viewBox="0 0 512 512"
            xmlns="http://www.w3.org/2000/svg"
          >
            <path
              d="M74 208H64a16 16 0 0 0-16 16v16a16 16 0 0 0 16 16h15.94A535.78 535.78 0 0 1 64 384h128a535.78 535.78 0 0 1-15.94-128H192a16 16 0 0 0 16-16v-16a16 16 0 0 0-16-16h-10l33.89-90.38a16 16 0 0 0-15-21.62H144V64h24a8 8 0 0 0 8-8V40a8 8 0 0 0-8-8h-24V8a8 8 0 0 0-8-8h-16a8 8 0 0 0-8 8v24H88a8 8 0 0 0-8 8v16a8 8 0 0 0 8 8h24v32H55.09a16 16 0 0 0-15 21.62zm173.16 251.58L224 448v-16a16 16 0 0 0-16-16H48a16 16 0 0 0-16 16v16L8.85 459.58A16 16 0 0 0 0 473.89V496a16 16 0 0 0 16 16h224a16 16 0 0 0 16-16v-22.11a16 16 0 0 0-8.84-14.31zm92.77-157.78l-3.29 82.2h126.72l-3.29-82.21 24.6-20.79A32 32 0 0 0 496 256.54V198a6 6 0 0 0-6-6h-26.38a6 6 0 0 0-6 6v26h-24.71v-26a6 6 0 0 0-6-6H373.1a6 6 0 0 0-6 6v26h-24.71v-26a6 6 0 0 0-6-6H310a6 6 0 0 0-6 6v58.6a32 32 0 0 0 11.36 24.4zM384 304a16 16 0 0 1 32 0v32h-32zm119.16 155.58L480 448v-16a16 16 0 0 0-16-16H336a16 16 0 0 0-16 16v16l-23.15 11.58a16 16 0 0 0-8.85 14.31V496a16 16 0 0 0 16 16h192a16 16 0 0 0 16-16v-22.11a16 16 0 0 0-8.84-14.31z"
              fill="currentColor"
              style={Object {}}
            />
          </svg>
        </button>
        <button
          className="IconSelect__button"
          id="cat"
          onClick={[Function]}
          type="button"
        >
          <svg
            aria-hidden="true"
            className="svg-inline--fa fa-cat fa-w-16 "
            data-icon="cat"
            data-prefix="fas"
            focusable="false"
            role="img"
            style={Object {}}
            viewBox="0 0 512 512"
            xmlns="http://www.w3.org/2000/svg"
          >
            <path
              d="M290.59 192c-20.18 0-106.82 1.98-162.59 85.95V192c0-52.94-43.06-96-96-96-17.67 0-32 14.33-32 32s14.33 32 32 32c17.64 0 32 14.36 32 32v256c0 35.3 28.7 64 64 64h176c8.84 0 16-7.16 16-16v-16c0-17.67-14.33-32-32-32h-32l128-96v144c0 8.84 7.16 16 16 16h32c8.84 0 16-7.16 16-16V289.86c-10.29 2.67-20.89 4.54-32 4.54-61.81 0-113.52-44.05-125.41-102.4zM448 96h-64l-64-64v134.4c0 53.02 42.98 96 96 96s96-42.98 96-96V32l-64 64zm-72 80c-8.84 0-16-7.16-16-16s7.16-16 16-16 16 7.16 16 16-7.16 16-16 16zm80 0c-8.84 0-16-7.16-16-16s7.16-16 16-16 16 7.16 16 16-7.16 16-16 16z"
              fill="currentColor"
              style={Object {}}
            />
          </svg>
        </button>
        <button
          className="IconSelect__button"
          id="caravan"
          onClick={[Function]}
          type="button"
        >
          <svg
            aria-hidden="true"
            className="svg-inline--fa fa-caravan fa-w-20 "
            data-icon="caravan"
            data-prefix="fas"
            focusable="false"
            role="img"
            style={Object {}}
            viewBox="0 0 640 512"
            xmlns="http://www.w3.org/2000/svg"
          >
            <path
              d="M416,208a16,16,0,1,0,16,16A16,16,0,0,0,416,208ZM624,320H576V160A160,160,0,0,0,416,0H64A64,64,0,0,0,0,64V320a64,64,0,0,0,64,64H96a96,96,0,0,0,192,0H624a16,16,0,0,0,16-16V336A16,16,0,0,0,624,320ZM192,432a48,48,0,1,1,48-48A48.05,48.05,0,0,1,192,432Zm64-240a32,32,0,0,1-32,32H96a32,32,0,0,1-32-32V128A32,32,0,0,1,96,96H224a32,32,0,0,1,32,32ZM448,320H320V128a32,32,0,0,1,32-32h64a32,32,0,0,1,32,32Z"
              fill="currentColor"
              style={Object {}}
            />
          </svg>
        </button>
        <button
          className="IconSelect__button"
          id="camera-retro"
          onClick={[Function]}
          type="button"
        >
          <svg
            aria-hidden="true"
            className="svg-inline--fa fa-camera-retro fa-w-16 "
            data-icon="camera-retro"
            data-prefix="fas"
            focusable="false"
            role="img"
            style={Object {}}
            viewBox="0 0 512 512"
            xmlns="http://www.w3.org/2000/svg"
          >
            <path
              d="M48 32C21.5 32 0 53.5 0 80v352c0 26.5 21.5 48 48 48h416c26.5 0 48-21.5 48-48V80c0-26.5-21.5-48-48-48H48zm0 32h106c3.3 0 6 2.7 6 6v20c0 3.3-2.7 6-6 6H38c-3.3 0-6-2.7-6-6V80c0-8.8 7.2-16 16-16zm426 96H38c-3.3 0-6-2.7-6-6v-36c0-3.3 2.7-6 6-6h138l30.2-45.3c1.1-1.7 3-2.7 5-2.7H464c8.8 0 16 7.2 16 16v74c0 3.3-2.7 6-6 6zM256 424c-66.2 0-120-53.8-120-120s53.8-120 120-120 120 53.8 120 120-53.8 120-120 120zm0-208c-48.5 0-88 39.5-88 88s39.5 88 88 88 88-39.5 88-88-39.5-88-88-88zm-48 104c-8.8 0-16-7.2-16-16 0-35.3 28.7-64 64-64 8.8 0 16 7.2 16 16s-7.2 16-16 16c-17.6 0-32 14.4-32 32 0 8.8-7.2 16-16 16z"
              fill="currentColor"
              style={Object {}}
            />
          </svg>
        </button>
        <button
          className="IconSelect__button"
          id="bowling-ball"
          onClick={[Function]}
          type="button"
        >
          <svg
            aria-hidden="true"
            className="svg-inline--fa fa-bowling-ball fa-w-16 "
            data-icon="bowling-ball"
            data-prefix="fas"
            focusable="false"
            role="img"
            style={Object {}}
            viewBox="0 0 496 512"
            xmlns="http://www.w3.org/2000/svg"
          >
            <path
              d="M248 8C111 8 0 119 0 256s111 248 248 248 248-111 248-248S385 8 248 8zM120 192c-17.7 0-32-14.3-32-32s14.3-32 32-32 32 14.3 32 32-14.3 32-32 32zm64-96c0-17.7 14.3-32 32-32s32 14.3 32 32-14.3 32-32 32-32-14.3-32-32zm48 144c-17.7 0-32-14.3-32-32s14.3-32 32-32 32 14.3 32 32-14.3 32-32 32z"
              fill="currentColor"
              style={Object {}}
            />
          </svg>
        </button>
        <button
          className="IconSelect__button"
          id="user-circle"
          onClick={[Function]}
          type="button"
        >
          <svg
            aria-hidden="true"
            className="svg-inline--fa fa-user-circle fa-w-16 "
            data-icon="user-circle"
            data-prefix="fas"
            focusable="false"
            role="img"
            style={Object {}}
            viewBox="0 0 496 512"
            xmlns="http://www.w3.org/2000/svg"
          >
            <path
              d="M248 8C111 8 0 119 0 256s111 248 248 248 248-111 248-248S385 8 248 8zm0 96c48.6 0 88 39.4 88 88s-39.4 88-88 88-88-39.4-88-88 39.4-88 88-88zm0 344c-58.7 0-111.3-26.6-146.5-68.2 18.8-35.4 55.6-59.8 98.5-59.8 2.4 0 4.8.4 7.1 1.1 13 4.2 26.6 6.9 40.9 6.9 14.3 0 28-2.7 40.9-6.9 2.3-.7 4.7-1.1 7.1-1.1 42.9 0 79.7 24.4 98.5 59.8C359.3 421.4 306.7 448 248 448z"
              fill="currentColor"
              style={Object {}}
            />
          </svg>
        </button>
        <button
          className="IconSelect__button"
          id="anchor"
          onClick={[Function]}
          type="button"
        >
          <svg
            aria-hidden="true"
            className="svg-inline--fa fa-anchor fa-w-18 "
            data-icon="anchor"
            data-prefix="fas"
            focusable="false"
            role="img"
            style={Object {}}
            viewBox="0 0 576 512"
            xmlns="http://www.w3.org/2000/svg"
          >
            <path
              d="M12.971 352h32.394C67.172 454.735 181.944 512 288 512c106.229 0 220.853-57.38 242.635-160h32.394c10.691 0 16.045-12.926 8.485-20.485l-67.029-67.029c-4.686-4.686-12.284-4.686-16.971 0l-67.029 67.029c-7.56 7.56-2.206 20.485 8.485 20.485h35.146c-20.29 54.317-84.963 86.588-144.117 94.015V256h52c6.627 0 12-5.373 12-12v-40c0-6.627-5.373-12-12-12h-52v-5.47c37.281-13.178 63.995-48.725 64-90.518C384.005 43.772 341.605.738 289.37.01 235.723-.739 192 42.525 192 96c0 41.798 26.716 77.35 64 90.53V192h-52c-6.627 0-12 5.373-12 12v40c0 6.627 5.373 12 12 12h52v190.015c-58.936-7.399-123.82-39.679-144.117-94.015h35.146c10.691 0 16.045-12.926 8.485-20.485l-67.029-67.029c-4.686-4.686-12.284-4.686-16.971 0L4.485 331.515C-3.074 339.074 2.28 352 12.971 352zM288 64c17.645 0 32 14.355 32 32s-14.355 32-32 32-32-14.355-32-32 14.355-32 32-32z"
              fill="currentColor"
              style={Object {}}
            />
          </svg>
        </button>
        <button
          className="IconSelect__button"
          id="biking"
          onClick={[Function]}
          type="button"
        >
          <svg
            aria-hidden="true"
            className="svg-inline--fa fa-biking fa-w-20 "
            data-icon="biking"
            data-prefix="fas"
            focusable="false"
            role="img"
            style={Object {}}
            viewBox="0 0 640 512"
            xmlns="http://www.w3.org/2000/svg"
          >
            <path
              d="M400 96a48 48 0 1 0-48-48 48 48 0 0 0 48 48zm-4 121a31.9 31.9 0 0 0 20 7h64a32 32 0 0 0 0-64h-52.78L356 103a31.94 31.94 0 0 0-40.81.68l-112 96a32 32 0 0 0 3.08 50.92L288 305.12V416a32 32 0 0 0 64 0V288a32 32 0 0 0-14.25-26.62l-41.36-27.57 58.25-49.92zm116 39a128 128 0 1 0 128 128 128 128 0 0 0-128-128zm0 192a64 64 0 1 1 64-64 64 64 0 0 1-64 64zM128 256a128 128 0 1 0 128 128 128 128 0 0 0-128-128zm0 192a64 64 0 1 1 64-64 64 64 0 0 1-64 64z"
              fill="currentColor"
              style={Object {}}
            />
          </svg>
        </button>
      </div>
    </section>
    <label
      htmlFor="about"
    >
      <h4>
        Tell us about yourself:
      </h4>
    </label>
    <textarea
      className="about"
      defaultValue="Test Bio"
      id="about"
      name="bioArea"
      onChange={[Function]}
      placeholder="Test Bio"
    />
    <div
      className="ProfileForm__button_box"
    >
      <button
        className="form_button"
        type="submit"
      >
        Submit
      </button>
      <button
        className="form_button"
        type="button"
      >
        Cancel
      </button>
    </div>
  </form>
</section>
`;
