// Jest Snapshot v1, https://goo.gl/fbAQLP

exports[`Dashboard Component takes a snapshot of dashboard 1`] = `
<section
  className="dashboard"
>
  <div
    className="welcome_text"
  >
    Welcome, 
    Bob
    !
    <br />
     Write a message to your pals!
  </div>
  
  
  <section
    className="Active_Conversations"
  >
    <button
      onClick={[Function]}
    >
      Find a new Pal
    </button>
    <button
      onClick={[Function]}
    >
      Find a new Pal
    </button>
    <button
      onClick={[Function]}
    >
      Find a new Pal
    </button>
    <button
      onClick={[Function]}
    >
      Find a new Pal
    </button>
    <button
      onClick={[Function]}
    >
      Find a new Pal
    </button>
  </section>
</section>
`;
